BL51 BANKED LINKER/LOCATER V6.22                                                        02/10/2017  10:57:07  PAGE 1


BL51 BANKED LINKER/LOCATER V6.22, INVOKED BY:
C:\KEIL_V5\C51\BIN\BL51.EXE .\Objects\main.obj TO .\Objects\test PRINT (.\Listings\test.m51) RAMSIZE (256)


MEMORY MODEL: SMALL


INPUT MODULES INCLUDED:
  .\Objects\main.obj (MAIN)
  C:\KEIL_V5\C51\LIB\C51S.LIB (?C_STARTUP)
  C:\KEIL_V5\C51\LIB\C51S.LIB (?C?COPY)
  C:\KEIL_V5\C51\LIB\C51S.LIB (?C?CLDPTR)
  C:\KEIL_V5\C51\LIB\C51S.LIB (?C_INIT)


LINK MAP OF MODULE:  .\Objects\test (MAIN)


            TYPE    BASE      LENGTH    RELOCATION   SEGMENT NAME
            -----------------------------------------------------

            * * * * * * *   D A T A   M E M O R Y   * * * * * * *
            REG     0000H     0008H     ABSOLUTE     "REG BANK 0"
            DATA    0008H     0009H     UNIT         _DATA_GROUP_
            DATA    0011H     0007H     UNIT         ?DT?MAIN
            IDATA   0018H     0001H     UNIT         ?STACK

            * * * * * * *   C O D E   M E M O R Y   * * * * * * *
            CODE    0000H     0003H     ABSOLUTE     
            CODE    0003H     010FH     UNIT         ?C?LIB_CODE
            CODE    0112H     008CH     UNIT         ?C_C51STARTUP
            CODE    019EH     005BH     UNIT         ?PR?SET_DS_TIME?MAIN
            CODE    01F9H     0052H     UNIT         ?PR?SHOW_TIME?MAIN
            CODE    024BH     0046H     UNIT         ?PR?MAIN?MAIN
            CODE    0291H     0031H     UNIT         ?PR?_LCDSHOW_STR?MAIN
            CODE    02C2H     002FH     UNIT         ?PR?_READ_DS?MAIN
            CODE    02F1H     002BH     UNIT         ?PR?_WRITE_DS?MAIN
            CODE    031CH     0023H     UNIT         ?PR?_READ_DS_TIME?MAIN
            CODE    033FH     001EH     UNIT         ?PR?_DELAYMS?MAIN
            CODE    035DH     001DH     UNIT         ?PR?_DISPLAY_STR?MAIN
            CODE    037AH     0017H     UNIT         ?PR?_DISPLAY_CHAR?MAIN
            CODE    0391H     0014H     UNIT         ?PR?INIT?MAIN
            CODE    03A5H     0014H     UNIT         ?PR?_DAT_BCD?MAIN
            CODE    03B9H     0012H     UNIT         ?PR?READ_BUSY?MAIN
            CODE    03CBH     0012H     UNIT         ?CO?MAIN
            CODE    03DDH     0011H     UNIT         ?PR?_BCD_DAT?MAIN
            CODE    03EEH     0010H     UNIT         ?PR?_LCD_WRITE_CMD?MAIN
            CODE    03FEH     0010H     UNIT         ?PR?_LCD_WRITE_DAT?MAIN
            CODE    040EH     000AH     UNIT         ?C_INITSEG



OVERLAY MAP OF MODULE:   .\Objects\test (MAIN)


SEGMENT                           DATA_GROUP 
  +--> CALLED SEGMENT           START    LENGTH
-----------------------------------------------
BL51 BANKED LINKER/LOCATER V6.22                                                      02/10/2017  10:57:07  PAGE 2


?C_C51STARTUP                   -----    -----
  +--> ?PR?MAIN?MAIN
  +--> ?C_INITSEG

?PR?MAIN?MAIN                   0008H    0006H
  +--> ?CO?MAIN
  +--> ?PR?SET_DS_TIME?MAIN
  +--> ?PR?INIT?MAIN
  +--> ?PR?_LCDSHOW_STR?MAIN
  +--> ?PR?_READ_DS_TIME?MAIN
  +--> ?PR?SHOW_TIME?MAIN
  +--> ?PR?_DELAYMS?MAIN

?PR?SET_DS_TIME?MAIN            -----    -----
  +--> ?PR?_WRITE_DS?MAIN
  +--> ?PR?_DAT_BCD?MAIN

?PR?INIT?MAIN                   -----    -----
  +--> ?PR?_LCD_WRITE_CMD?MAIN

?PR?_LCD_WRITE_CMD?MAIN         -----    -----
  +--> ?PR?READ_BUSY?MAIN

?PR?_LCDSHOW_STR?MAIN           000EH    0003H
  +--> ?PR?_LCD_WRITE_CMD?MAIN
  +--> ?PR?_LCD_WRITE_DAT?MAIN

?PR?_LCD_WRITE_DAT?MAIN         -----    -----
  +--> ?PR?READ_BUSY?MAIN

?PR?_READ_DS_TIME?MAIN          -----    -----
  +--> ?PR?_WRITE_DS?MAIN
  +--> ?PR?_READ_DS?MAIN

?PR?SHOW_TIME?MAIN              -----    -----
  +--> ?PR?_DISPLAY_CHAR?MAIN
  +--> ?PR?_DISPLAY_STR?MAIN

?PR?_DISPLAY_CHAR?MAIN          -----    -----
  +--> ?PR?_LCD_WRITE_CMD?MAIN
  +--> ?PR?_LCD_WRITE_DAT?MAIN

?PR?_DISPLAY_STR?MAIN           000EH    0001H
  +--> ?PR?_DISPLAY_CHAR?MAIN



SYMBOL TABLE OF MODULE:  .\Objects\test (MAIN)

  VALUE           TYPE          NAME
  ----------------------------------

  -------         MODULE        MAIN
  C:0000H         SYMBOL        _ICE_DUMMY_
  D:0080H         PUBLIC        P0
  D:0090H         PUBLIC        P1
  D:00A0H         PUBLIC        P2
BL51 BANKED LINKER/LOCATER V6.22                                                      02/10/2017  10:57:07  PAGE 3


  D:00B0H         PUBLIC        P3
  D:00A8H         PUBLIC        IE
  B:00B0H.4       PUBLIC        EN
  C:019EH         PUBLIC        set_ds_time
  B:0090H.1       PUBLIC        IO
  B:00A0H.6       PUBLIC        DU
  D:00B8H         PUBLIC        IP
  B:00A0H.7       PUBLIC        WE
  B:00B0H.5       PUBLIC        RS
  C:024BH         PUBLIC        main
  B:00B0H.6       PUBLIC        RW
  B:0090H.0       PUBLIC        SCLK
  C:0291H         PUBLIC        _lcdshow_str
  D:0098H         PUBLIC        SCON
  D:0088H         PUBLIC        TCON
  C:0391H         PUBLIC        init
  C:035DH         PUBLIC        _display_str
  C:03D7H         SYMBOL        _?ix1000
  C:03B9H         PUBLIC        read_busy
  C:03DDH         PUBLIC        _bcd_dat
  C:03A5H         PUBLIC        _dat_bcd
  D:0011H         PUBLIC        timedata
  C:01F9H         PUBLIC        show_time
  C:02C2H         PUBLIC        _read_ds
  C:03EEH         PUBLIC        _lcd_write_cmd
  C:03FEH         PUBLIC        _lcd_write_dat
  C:02F1H         PUBLIC        _write_ds
  D:00C8H         PUBLIC        T2CON
  C:031CH         PUBLIC        _read_ds_time
  C:033FH         PUBLIC        _delayms
  B:0090H.2       PUBLIC        RST
  D:00D0H         PUBLIC        PSW
  C:037AH         PUBLIC        _display_char
  -------         PROC          _DELAYMS
  D:0006H         SYMBOL        xms
  -------         DO            
  D:0006H         SYMBOL        i
  D:0004H         SYMBOL        j
  -------         ENDDO         
  C:033FH         LINE#         19
  C:033FH         LINE#         20
  C:033FH         LINE#         22
  C:0348H         LINE#         23
  C:035CH         LINE#         24
  -------         ENDPROC       _DELAYMS
  -------         PROC          READ_BUSY
  -------         DO            
  D:0007H         SYMBOL        i
  -------         ENDDO         
  C:03B9H         LINE#         26
  C:03B9H         LINE#         27
  C:03B9H         LINE#         29
  C:03BCH         LINE#         30
  C:03BEH         LINE#         31
  C:03C0H         LINE#         32
  C:03C0H         LINE#         33
  C:03C2H         LINE#         34
BL51 BANKED LINKER/LOCATER V6.22                                                      02/10/2017  10:57:07  PAGE 4


  C:03C4H         LINE#         35
  C:03C6H         LINE#         36
  C:03CAH         LINE#         37
  -------         ENDPROC       READ_BUSY
  -------         PROC          _LCD_WRITE_CMD
  D:0006H         SYMBOL        cmd
  C:03EEH         LINE#         38
  C:03F0H         LINE#         39
  C:03F0H         LINE#         40
  C:03F3H         LINE#         41
  C:03F5H         LINE#         42
  C:03F7H         LINE#         43
  C:03F9H         LINE#         44
  C:03FBH         LINE#         45
  C:03FDH         LINE#         46
  -------         ENDPROC       _LCD_WRITE_CMD
  -------         PROC          _LCD_WRITE_DAT
  D:0006H         SYMBOL        dat
  C:03FEH         LINE#         47
  C:0400H         LINE#         48
  C:0400H         LINE#         49
  C:0403H         LINE#         50
  C:0405H         LINE#         51
  C:0407H         LINE#         52
  C:0409H         LINE#         53
  C:040BH         LINE#         54
  C:040DH         LINE#         55
  -------         ENDPROC       _LCD_WRITE_DAT
  -------         PROC          _DISPLAY_CHAR
  D:0006H         SYMBOL        x
  D:0005H         SYMBOL        y
  D:0004H         SYMBOL        dat
  C:037AH         LINE#         63
  C:037EH         LINE#         64
  C:037EH         LINE#         65
  C:0381H         LINE#         66
  C:0384H         LINE#         67
  C:0387H         LINE#         68
  C:038CH         LINE#         69
  -------         ENDPROC       _DISPLAY_CHAR
  -------         PROC          _LCDSHOW_STR
  D:0007H         SYMBOL        x
  D:0005H         SYMBOL        y
  D:000EH         SYMBOL        str
  C:0291H         LINE#         71
  C:0297H         LINE#         72
  C:0297H         LINE#         73
  C:029AH         LINE#         74
  C:029DH         LINE#         75
  C:02A0H         LINE#         76
  C:02A3H         LINE#         77
  C:02AEH         LINE#         78
  C:02C1H         LINE#         79
  -------         ENDPROC       _LCDSHOW_STR
  -------         PROC          _DISPLAY_STR
  D:000EH         SYMBOL        x
  D:0001H         SYMBOL        y
BL51 BANKED LINKER/LOCATER V6.22                                                      02/10/2017  10:57:07  PAGE 5


  D:0002H         SYMBOL        dat
  C:035DH         LINE#         80
  C:0363H         LINE#         81
  C:0363H         LINE#         82
  C:036FH         LINE#         84
  -------         ENDPROC       _DISPLAY_STR
  -------         PROC          INIT
  C:0391H         LINE#         99
  C:0391H         LINE#         100
  C:0391H         LINE#         101
  C:0396H         LINE#         102
  C:039BH         LINE#         103
  C:03A0H         LINE#         104
  -------         ENDPROC       INIT
  -------         PROC          _WRITE_DS
  D:0007H         SYMBOL        cmd
  D:0005H         SYMBOL        dat
  -------         DO            
  D:0006H         SYMBOL        i
  -------         ENDDO         
  C:02F1H         LINE#         107
  C:02F1H         LINE#         108
  C:02F1H         LINE#         110
  C:02F3H         LINE#         111
  C:02F5H         LINE#         112
  C:02F7H         LINE#         113
  C:02F9H         LINE#         114
  C:02F9H         LINE#         115
  C:02FBH         LINE#         116
  C:02FFH         LINE#         117
  C:0301H         LINE#         118
  C:0305H         LINE#         119
  C:0309H         LINE#         120
  C:030BH         LINE#         121
  C:030BH         LINE#         122
  C:030DH         LINE#         123
  C:0311H         LINE#         124
  C:0313H         LINE#         125
  C:0317H         LINE#         126
  C:031BH         LINE#         127
  -------         ENDPROC       _WRITE_DS
  -------         PROC          _READ_DS
  D:0007H         SYMBOL        cmd
  -------         DO            
  D:0005H         SYMBOL        i
  D:0006H         SYMBOL        dat
  -------         ENDDO         
  C:02C2H         LINE#         129
  C:02C2H         LINE#         130
  C:02C2H         LINE#         132
  C:02C4H         LINE#         133
  C:02C6H         LINE#         134
  C:02C8H         LINE#         135
  C:02CAH         LINE#         136
  C:02CAH         LINE#         137
  C:02CCH         LINE#         138
  C:02D0H         LINE#         139
BL51 BANKED LINKER/LOCATER V6.22                                                      02/10/2017  10:57:07  PAGE 6


  C:02D2H         LINE#         140
  C:02D6H         LINE#         141
  C:02DAH         LINE#         142
  C:02DCH         LINE#         143
  C:02DCH         LINE#         144
  C:02DEH         LINE#         145
  C:02E2H         LINE#         146
  C:02E5H         LINE#         147
  C:02E8H         LINE#         148
  C:02EAH         LINE#         149
  C:02EEH         LINE#         150
  C:02F0H         LINE#         151
  -------         ENDPROC       _READ_DS
  -------         PROC          _DAT_BCD
  D:0007H         SYMBOL        dat
  -------         DO            
  D:0006H         SYMBOL        dat1
  D:0007H         SYMBOL        dat2
  -------         ENDDO         
  C:03A5H         LINE#         153
  C:03A5H         LINE#         154
  C:03A5H         LINE#         156
  C:03ABH         LINE#         157
  C:03B2H         LINE#         158
  C:03B8H         LINE#         159
  C:03B8H         LINE#         160
  -------         ENDPROC       _DAT_BCD
  -------         PROC          _BCD_DAT
  D:0007H         SYMBOL        dat
  -------         DO            
  D:0006H         SYMBOL        dat1
  D:0007H         SYMBOL        dat2
  -------         ENDDO         
  C:03DDH         LINE#         162
  C:03DDH         LINE#         163
  C:03DDH         LINE#         165
  C:03E2H         LINE#         166
  C:03E6H         LINE#         167
  C:03EDH         LINE#         168
  C:03EDH         LINE#         169
  -------         ENDPROC       _BCD_DAT
  -------         PROC          SET_DS_TIME
  C:019EH         LINE#         171
  C:019EH         LINE#         172
  C:019EH         LINE#         173
  C:01A5H         LINE#         174
  C:01B1H         LINE#         175
  C:01BDH         LINE#         176
  C:01C9H         LINE#         177
  C:01D5H         LINE#         178
  C:01E1H         LINE#         179
  C:01EDH         LINE#         180
  -------         ENDPROC       SET_DS_TIME
  -------         PROC          _READ_DS_TIME
  D:0004H         SYMBOL        addr
  -------         DO            
  D:0003H         SYMBOL        i
BL51 BANKED LINKER/LOCATER V6.22                                                      02/10/2017  10:57:07  PAGE 7


  -------         ENDDO         
  C:031CH         LINE#         182
  C:031EH         LINE#         183
  C:031EH         LINE#         185
  C:0325H         LINE#         186
  C:0327H         LINE#         187
  C:0327H         LINE#         188
  C:0332H         LINE#         189
  C:0334H         LINE#         190
  C:0338H         LINE#         191
  -------         ENDPROC       _READ_DS_TIME
  -------         PROC          SHOW_TIME
  C:01F9H         LINE#         193
  C:01F9H         LINE#         194
  C:01F9H         LINE#         195
  C:0202H         LINE#         196
  C:0207H         LINE#         197
  C:020CH         LINE#         198
  C:0214H         LINE#         199
  C:0219H         LINE#         200
  C:0220H         LINE#         201
  C:0227H         LINE#         202
  C:022EH         LINE#         203
  C:0236H         LINE#         204
  C:023DH         LINE#         205
  C:0244H         LINE#         206
  -------         ENDPROC       SHOW_TIME
  -------         PROC          MAIN
  -------         DO            
  D:0008H         SYMBOL        test
  -------         ENDDO         
  C:024BH         LINE#         208
  C:024BH         LINE#         209
  C:024BH         LINE#         210
  C:025EH         LINE#         211
  C:0261H         LINE#         212
  C:0263H         LINE#         213
  C:0265H         LINE#         214
  C:0268H         LINE#         215
  C:0274H         LINE#         216
  C:0280H         LINE#         217
  C:0280H         LINE#         218
  C:0280H         LINE#         219
  C:0285H         LINE#         220
  C:0288H         LINE#         221
  C:028FH         LINE#         222
  -------         ENDPROC       MAIN
  -------         ENDMOD        MAIN

  -------         MODULE        ?C?COPY
  C:00D3H         PUBLIC        ?C?COPY
  -------         ENDMOD        ?C?COPY

  -------         MODULE        ?C?CLDPTR
  C:00F9H         PUBLIC        ?C?CLDPTR
  -------         ENDMOD        ?C?CLDPTR

BL51 BANKED LINKER/LOCATER V6.22                                                      02/10/2017  10:57:07  PAGE 8


*** WARNING L16: UNCALLED SEGMENT, IGNORED FOR OVERLAY PROCESS
    SEGMENT: ?PR?_BCD_DAT?MAIN

Program Size: data=25.0 xdata=0 code=1048
LINK/LOCATE RUN COMPLETE.  1 WARNING(S),  0 ERROR(S)
